python : Traceback (most recent call last):
At line:1 char:43
+ ...  2\SMA_Sanjeevani\backend" ; python 
test_all_features.py 2>&1 | tee t ...
+                                  
~~~~~~~~~~~~~~~~~~~~~~~~~~~~~~~~
    + CategoryInfo          : NotSpecified: (Traceback  
   (most recent call last)::String) [], RemoteExceptio  
  n
    + FullyQualifiedErrorId : NativeCommandError
 
  File "D:\GitHub 
2\SMA_Sanjeevani\backend\test_all_features.py", line 
395, in <module>
    success = run_all_tests()
  File "D:\GitHub 
2\SMA_Sanjeevani\backend\test_all_features.py", line 
345, in run_all_tests
    print("\n" + "\u2588"*70)
  File "C:\Users\hp\AppData\Local\Programs\Python\Python
310\lib\encodings\cp1252.py", line 19, in encode
    return codecs.charmap_encode(input,self.errors,encod
ing_table)[0]
UnicodeEncodeError: 'charmap' codec can't encode 
characters in position 2-71: character maps to 
<undefined>
